node.exe : 
No linha:1 caractere:1
+ & "C:\Program Files\nodejs/node.exe" "C:\Program 
Files\nodejs/node_mo ...
+ ~~~~~~~~~~~~~~~~~~~~~~~~~~~~~~~~~~~~~~~~~~~~~~~~~~~~~~~~~
~~~~~~~~~~~~
    + CategoryInfo          : NotSpecified: (:String) [],  
   RemoteException
    + FullyQualifiedErrorId : NativeCommandError
 
> Build error occurred
Error: Turbopack build failed with 4 errors:
./src/components/shared/NotificationWrapper.tsx
[1m[31mModule not found[39m[22m: Can't resolve 
[32m'@/components/NotificationManager'[39m
Import map: aliased to relative 
'./src/components/NotificationManager' inside of [project]/


Import trace:
  Server Component:
    ./src/components/shared/NotificationWrapper.tsx
    ./src/app/page.tsx

https://nextjs.org/docs/messages/module-not-found


./src/components/shared/NotificationWrapper.tsx:6:11
[1m[31mModule not found[39m[22m: Can't resolve 
[32m'@/components/NotificationManager'[39m
[0m [90m 4 |[39m
 [90m 5 |[39m [36mconst[39m 
[33mNotificationManager[39m [33m=[39m dynamic(
[31m[1m>[22m[39m[90m 6 |[39m     () [33m=>[39m [36
mimport[39m([32m"@/components/NotificationManager"[39m)
[33m,[39m
 [90m   |[39m           [31m[1m^[22m[39m[31m[1m^[2
2m[39m[31m[1m^[22m[39m[31m[1m^[22m[39m[31m[1m^[
22m[39m[31m[1m^[22m[39m[31m[1m^[22m[39m[31m[1m^
[22m[39m[31m[1m^[22m[39m[31m[1m^[22m[39m[31m[1m^
[22m[39m[31m[1m^[22m[39m[31m[1m^[22m[39m[31m[1m
^[22m[39m[31m[1m^[22m[39m[31m[1m^[22m[39m[31m[1
m^[22m[39m[31m[1m^[22m[39m[31m[1m^[22m[39m[31m[
1m^[22m[39m[31m[1m^[22m[39m[31m[1m^[22m[39m[31m
[1m^[22m[39m[31m[1m^[22m[39m[31m[1m^[22m[39m[31m
[1m^[22m[39m[31m[1m^[22m[39m[31m[1m^[22m[39m[31
m[1m^[22m[39m[31m[1m^[22m[39m[31m[1m^[22m[39m[3
1m[1m^[22m[39m[31m[1m^[22m[39m[31m[1m^[22m[39m[
31m[1m^[22m[39m[31m[1m^[22m[39m[31m[1m^[22m[39m
[31m[1m^[22m[39m[31m[1m^[22m[39m[31m[1m^[22m[39m
[31m[1m^[22m[39m[31m[1m^[22m[39m
 [90m 7 |[39m     { ssr[33m:[39m [36mfalse[39m }
 [90m 8 |[39m )[33m;[39m
 [90m 9 |[39m[0m

Import map: aliased to relative 
'./src/components/NotificationManager' inside of [project]/


Import trace:
  Server Component:
    ./src/components/shared/NotificationWrapper.tsx
    ./src/app/page.tsx

https://nextjs.org/docs/messages/module-not-found


./src/components/map/TrackingMapWrapper.tsx
[1m[31mModule not found[39m[22m: Can't resolve 
[32m'@/components/TrackingMap'[39m
Import map: aliased to relative 
'./src/components/TrackingMap' inside of [project]/


Import trace:
  Server Component:
    ./src/components/map/TrackingMapWrapper.tsx
    ./src/app/tracking/[id]/page.tsx

https://nextjs.org/docs/messages/module-not-found


./src/components/map/TrackingMapWrapper.tsx:6:11
[1m[31mModule not found[39m[22m: Can't resolve 
[32m'@/components/TrackingMap'[39m
[0m [90m 4 |[39m
 [90m 5 |[39m [36mconst[39m 
[33mTrackingMapClient[39m [33m=[39m dynamic(
[31m[1m>[22m[39m[90m 6 |[39m     () [33m=>[39m [36
mimport[39m([32m"@/components/TrackingMap"[39m)[33m,[3
9m
 [90m   |[39m           [31m[1m^[22m[39m[31m[1m^[2
2m[39m[31m[1m^[22m[39m[31m[1m^[22m[39m[31m[1m^[
22m[39m[31m[1m^[22m[39m[31m[1m^[22m[39m[31m[1m^
[22m[39m[31m[1m^[22m[39m[31m[1m^[22m[39m[31m[1m^
[22m[39m[31m[1m^[22m[39m[31m[1m^[22m[39m[31m[1m
^[22m[39m[31m[1m^[22m[39m[31m[1m^[22m[39m[31m[1
m^[22m[39m[31m[1m^[22m[39m[31m[1m^[22m[39m[31m[
1m^[22m[39m[31m[1m^[22m[39m[31m[1m^[22m[39m[31m
[1m^[22m[39m[31m[1m^[22m[39m[31m[1m^[22m[39m[31m
[1m^[22m[39m[31m[1m^[22m[39m[31m[1m^[22m[39m[31
m[1m^[22m[39m[31m[1m^[22m[39m[31m[1m^[22m[39m[3
1m[1m^[22m[39m[31m[1m^[22m[39m[31m[1m^[22m[39m
 [90m 7 |[39m     {
 [90m 8 |[39m         ssr[33m:[39m 
[36mfalse[39m[33m,[39m
 [90m 9 |[39m         loading[33m:[39m () [33m=>[39m 
[33m<[39m[33mdiv[39m 
className[33m=[39m[32m"h-[400px] w-full bg-zinc-100 
rounded-xl animate-pulse mt-4"[39m[33m>[39m[33m<[39m[
33m/[39m[33mdiv[39m[33m>[39m[0m

Import map: aliased to relative 
'./src/components/TrackingMap' inside of [project]/


Import trace:
  Server Component:
    ./src/components/map/TrackingMapWrapper.tsx
    ./src/app/tracking/[id]/page.tsx

https://nextjs.org/docs/messages/module-not-found


    at <unknown> 
(https://nextjs.org/docs/messages/module-not-found)
    at <unknown> 
(./src/components/shared/NotificationWrapper.tsx:6:11)
    at <unknown> 
(https://nextjs.org/docs/messages/module-not-found)
    at <unknown> 
(https://nextjs.org/docs/messages/module-not-found)
    at <unknown> 
(./src/components/map/TrackingMapWrapper.tsx:6:11)
    at <unknown> 
(https://nextjs.org/docs/messages/module-not-found)
